// Jest Snapshot v1, https://goo.gl/fbAQLP

exports[`Green Dimension v2.wsz eqslid.cur 1`] = `
Object {
  "images": "00201032320000001681600220004000032000640001032000000160000000000000000,00201032320000001681600220004000032000640001032000000160000000000000000...",
  "metadata": Object {
    "bfAttributes": 1,
    "cbSize": 36,
    "iBitCount": 0,
    "iDispRate": 10,
    "iHeight": 0,
    "iWidth": 0,
    "nFrames": 2,
    "nPlanes": 0,
    "nSteps": 2,
  },
  "rate": Array [
    8,
    8,
  ],
  "seq": null,
}
`;

exports[`Super_Mario_Amp_2.wsz close.cur 1`] = `
Object {
  "images": "0020103232000000168800220004000032000640001080000012840000000000000000,0020103232000000168800220004000032000640001080000012840000000000000000,0020103232000000168800220004000032000640001080000012840000000000000000,0020103232000000168800220004000032000640001080000012840000000000000000,0020103232000000168800220004000032000640001080000012840000000000000000,0020103232000000168800220004000032000640001080000012840000000000000000,0020103232000000168800220004000032000640001080000012840000000000000000,0020103232000000168800220004000032000640001080000012840000000000000000,0020103232000000168800220004000032000640001080000012840000000000000000,0020103232000000168800220004000032000640001080000012840000000000000000...",
  "metadata": Object {
    "bfAttributes": 3,
    "cbSize": 36,
    "iBitCount": 4,
    "iDispRate": 10,
    "iHeight": 0,
    "iWidth": 0,
    "nFrames": 10,
    "nPlanes": 1,
    "nSteps": 17,
  },
  "rate": Array [
    10,
    10,
    10,
    10,
    7,
    6,
    5,
    4,
    3,
    2,
    1,
    2,
    2,
    2,
    2,
    2,
    60,
  ],
  "seq": Array [
    0,
    1,
    2,
    3,
    4,
    5,
    4,
    5,
    4,
    5,
    6,
    7,
    8,
    9,
    8,
    9,
    8,
  ],
}
`;

exports[`Super_Mario_Amp_2.wsz eqslid.cur 1`] = `
Object {
  "images": "0020103232000000168120022000400003200064000102400000128120000000000000000,0020103232000000168120022000400003200064000102400000128120000000000000000,0020103232000000168120022000400003200064000102400000128120000000000000000,0020103232000000168120022000400003200064000102400000128120000000000000000,0020103232000000168120022000400003200064000102400000128120000000000000000,0020103232000000168120022000400003200064000102400000128120000000000000000,0020103232000000168120022000400003200064000102400000128120000000000000000,0020103232000000168120022000400003200064000102400000128120000000000000000...",
  "metadata": Object {
    "bfAttributes": 1,
    "cbSize": 36,
    "iBitCount": 4,
    "iDispRate": 10,
    "iHeight": 0,
    "iWidth": 0,
    "nFrames": 8,
    "nPlanes": 1,
    "nSteps": 8,
  },
  "rate": null,
  "seq": null,
}
`;
